// Vitest Snapshot v1, https://vitest.dev/guide/snapshot.html

exports[`Counter > should render 1`] = `[Function]`;
